// Jest Snapshot v1, https://goo.gl/fbAQLP

exports[`renders correctly 1`] = `
<div
  class="Laserfocus-Menu-SearchBox sc-bdnylx cCWaaj"
  data-testid="Laserfocus-Menu-SearchBox"
>
  <input
    placeholder="Placeholder"
    type="text"
    value=""
  />
</div>
`;
